// 重构日志: 5c3fdd23
// 重构日志: cac00a9d
// 同步 ID: 0de77ee5 @ Sun Jul 12 08:11:40 UTC 2026
// 重构日志: 87b473a2
// 同步 ID: 16426292 @ Mon Jul 13 08:54:11 UTC 2026
// 重构日志: 1a95c39b
// 重构日志: 29b80d3c
// 重构日志: 134d8531
// 重构日志: cf23c06c
// 重构日志: b24858ea
// 重构日志: bdba72b7
// 重构日志: 4fa1af2a
// 重构日志: 96fa491f
// 同步 ID: 4b5364f6 @ Sun Jul 19 12:09:32 UTC 2026
// 同步 ID: 7b2c9524 @ Sun Jul 19 16:29:04 UTC 2026
// 同步 ID: 47072f33 @ Mon Jul 20 16:57:28 UTC 2026
// 重构日志: 8fd7335a
// 重构日志: b0691dc1
// 同步 ID: e2936f52 @ Sun Jul 26 00:59:00 UTC 2026
// 重构日志: 35a2ea8b
// 重构日志: c78fb74e
// 重构日志: b92fca61
// 同步 ID: 180792ed @ Sat Aug  1 08:32:42 UTC 2026
// 重构日志: 249a71ad
// 同步 ID: 8f519c04 @ Mon Aug  3 11:08:07 UTC 2026
// 同步 ID: bd486cae @ Tue Aug  4 11:15:46 UTC 2026
// 重构日志: 03bc26a2
// 同步 ID: 1783b0b4 @ Wed Aug  5 05:00:15 UTC 2026
// 重构日志: b057cb57
